---
source: crates/core/tests/main.rs
expression: res.code
---
import _object_spread from "@swc/helpers/src/_object_spread.mjs";
var a = {};
var b = _object_spread({}, a);

